// Vitest Snapshot v1, https://vitest.dev/guide/snapshot.html

exports[`<Foo /> > renders 1`] = `"<div>4<button>+1</button><hr></div>"`;

exports[`<Foo /> > updates 1`] = `"<div>4<button>+1</button><hr>foo</div>"`;
