// Vitest Snapshot v1, https://vitest.dev/guide/snapshot.html

exports[`<Heading /> > renders 1`] = `"<h1>Lorem ipsum</h1>"`;
