// Vitest Snapshot v1, https://vitest.dev/guide/snapshot.html

exports[`<Text /> > renders 1`] = `"<p>Lorem ipsum</p>"`;
