// Vitest Snapshot v1, https://vitest.dev/guide/snapshot.html

exports[`<Heading /> > renders 1`] = `"<h1 class="_Heading_2bdcc0 _Heading-variant-foo_2bdcc0 _ContentColor-color-primary_ae46f5">Lorem ipsum</h1>"`;
